[2023-11-12 11:54:53,289] - Log.py] - INFO: Windows
[2023-11-12 11:54:53,299] - Log.py] - INFO: [  配置  ]:读取本地配置完成!
[2023-11-12 11:54:59,041] - Log.py] - INFO: YouTube上传器已连接: Address(host='127.0.0.1', port=58397)
[2023-11-12 11:55:38,186] - Log.py] - INFO: [  配置  ]:cookie更新成功!
[2023-11-12 11:55:38,197] - Log.py] - INFO: 配置文件：{'uid': 'https://v.douyin.com/k9NXNcH/', 'uploader': 'yes', 'port': '8765', 'del': 'yes', 'cover': 'yes', 'desc': 'yes', 'path': 'Download', 'mode': 'like', 'naming': '{create}_{desc}', 'cookie': 'passport_csrf_token=9d5c75879c800815b83240dd97d90432;passport_csrf_token_default=9d5c75879c800815b83240dd97d90432;passport_auth_status=f12e77e65e7a30fc45a4a5357637f908%2C;passport_auth_status_ss=f12e77e65e7a30fc45a4a5357637f908%2C;sid_guard=d8a3648d5d9c4b3762055d247a18c145%7C1699525001%7C5184001%7CMon%2C+08-Jan-2024+10%3A16%3A42+GMT;uid_tt=cd235862d55af702ecbb8c71af145e5a;uid_tt_ss=cd235862d55af702ecbb8c71af145e5a;sid_tt=d8a3648d5d9c4b3762055d247a18c145;sessionid=d8a3648d5d9c4b3762055d247a18c145;sessionid_ss=d8a3648d5d9c4b3762055d247a18c145;sid_ucp_v1=1.0.0-KGViYWY4YzU4ZjlmZGJiYzAyYTA3YzYxZjc5NmRmNjllN2VkNWVjYzEKFwjegIC0ifSXBhCJ47KqBhjvMTgGQPQHGgJobCIgZDhhMzY0OGQ1ZDljNGIzNzYyMDU1ZDI0N2ExOGMxNDU;ssid_ucp_v1=1.0.0-KGViYWY4YzU4ZjlmZGJiYzAyYTA3YzYxZjc5NmRmNjllN2VkNWVjYzEKFwjegIC0ifSXBhCJ47KqBhjvMTgGQPQHGgJobCIgZDhhMzY0OGQ1ZDljNGIzNzYyMDU1ZDI0N2ExOGMxNDU', 'cookie1': '', 'rule': 'now', 'interval': 'all', 'max_connections': '10', 'max_tasks': '10'}
[2023-11-12 11:55:39,798] - Log.py] - INFO: [  用户  ]:用户的昵称：杀猪饲料，用户唯一标识：MS4wLjABAAAAQR4WK9JBK9HPic72xsYWettM23c9_fRFjXS_4xmMKMk
[2023-11-12 11:55:39,800] - Log.py] - INFO: [  提示  ]:批量获取所有视频中!
[2023-11-12 11:55:40,887] - Log.py] - INFO: [  提示  ]:抓获首页数据成功! 该页共20个作品。
[2023-11-12 11:58:09,461] - Log.py] - ERROR: {'action': 'error', 'type': 3, 'message': {}, 'data': {'isKid': 'no', 'tags': [], 'title': '每一刻都像永远', 'videoFile': 'http://127.0.0.1:8765/like/%E6%9D%80%E7%8C%AA%E9%A5%B2%E6%96%99/2023-10-31%2023.56.00_%E6%AF%8F%E4%B8%80%E5%88%BB%E9%83%BD%E5%83%8F%E6%B0%B8%E8%BF%9C/2023-10-31%2023.56.00_%E6%AF%8F%E4%B8%80%E5%88%BB%E9%83%BD%E5%83%8F%E6%B0%B8%E8%BF%9C_video.mp4', 'videoPic': 'http://127.0.0.1:8765/like/%E6%9D%80%E7%8C%AA%E9%A5%B2%E6%96%99/2023-10-31%2023.56.00_%E6%AF%8F%E4%B8%80%E5%88%BB%E9%83%BD%E5%83%8F%E6%B0%B8%E8%BF%9C/2023-10-31%2023.56.00_%E6%AF%8F%E4%B8%80%E5%88%BB%E9%83%BD%E5%83%8F%E6%B0%B8%E8%BF%9C_cover.png', 'sec_uid': 'MS4wLjABAAAAz0A-8flF2kinwJ-o2WGfEo0icRg2XT4ddriyic3m1ElZ1Y7gL1zRkt9XvKx7I7zP', 'name': '很烦.:每一刻都像永远', 'type': '娱乐', 'schedule': '2023/11/12 09:00'}}
[2023-11-12 11:59:16,532] - Log.py] - WARNING: [  失败  ]:保存文案失败。{'video_uri': 'v0300fg10000cl528vrc77u68rve3o70', 'video_url_list': ['http://v26-web.douyinvod.com/eab367b1caf82aa05d0a5f0217f1c453/65505afe/video/tos/cn/tos-cn-ve-15c001-alinc2/o8P7Xi8RzEV2OKGRAhfQDT9f4BtWlRAIhygvAS/?a=6383&ch=4&cr=3&dr=0&lr=all&cd=0%7C0%7C0%7C3&cv=1&br=2916&bt=2916&cs=0&ds=4&ft=GN7rKGVVywp5RF78jmo~ySqTeaAp62nSEvrKcRwormo0g3&mime_type=video_mp4&qs=0&rc=Njs6ZDppaTVmNWU5ZGlmNkBpM3JodTk6Znk1bzMzNGkzM0BeMjVfLi8yXzQxYV4uMjQyYSM0MHM1cjRvNTJgLS1kLTBzcw%3D%3D&btag=e00020000&dy_q=1699761342&feature_id=46a7bb47b4fd1280f3d3825bf2b29388&l=20231112115541ED6EA0090E18A1E0F94E', 'http://v3-web.douyinvod.com/8ab5d291901c6e28cfb347fccb5928cf/65505afe/video/tos/cn/tos-cn-ve-15c001-alinc2/o8P7Xi8RzEV2OKGRAhfQDT9f4BtWlRAIhygvAS/?a=6383&ch=4&cr=3&dr=0&lr=all&cd=0%7C0%7C0%7C3&cv=1&br=2916&bt=2916&cs=0&ds=4&ft=GN7rKGVVywp5RF78jmo~ySqTeaAp62nSEvrKcRwormo0g3&mime_type=video_mp4&qs=0&rc=Njs6ZDppaTVmNWU5ZGlmNkBpM3JodTk6Znk1bzMzNGkzM0BeMjVfLi8yXzQxYV4uMjQyYSM0MHM1cjRvNTJgLS1kLTBzcw%3D%3D&btag=e00020000&dy_q=1699761342&feature_id=46a7bb47b4fd1280f3d3825bf2b29388&l=20231112115541ED6EA0090E18A1E0F94E', 'https://www.douyin.com/aweme/v1/play/?video_id=v0300fg10000cl528vrc77u68rve3o70&line=0&file_id=537c5f1aa6db427cb25f2f17ba8758a3&sign=e81968c7f9e385892598b6aeba265663&is_play_url=1&source=PackSourceEnum_FAVORITE'], 'cover': ['https://p9-pc-sign.douyinpic.com/tos-cn-p-0015/o8iBjhftdKtlfAAGERVO9J4zghpADqAvR7SlIk~tplv-dy-cropcenter:323:430.jpeg?x-expires=2015118000&x-signature=jbAzXy0baFg9FtYhBsWxeMwadY0%3D&from=3213915784&s=PackSourceEnum_FAVORITE&se=true&sh=323_430&sc=cover&biz_tag=pcweb_cover&l=20231112115541ED6EA0090E18A1E0F94E', 'https://p6-pc-sign.douyinpic.com/obj/tos-cn-p-0015/o8iBjhftdKtlfAAGERVO9J4zghpADqAvR7SlIk?x-expires=2015118000&x-signature=ZALDMrJveqUTfLkZcwjMwiFoNuA%3D&from=3213915784&s=PackSourceEnum_FAVORITE&se=false&sc=cover&biz_tag=pcweb_cover&l=20231112115541ED6EA0090E18A1E0F94E', 'https://p9-pc-sign.douyinpic.com/obj/tos-cn-p-0015/o8iBjhftdKtlfAAGERVO9J4zghpADqAvR7SlIk?x-expires=2015118000&x-signature=78VLvF0VtFfvp4UHj83yI88dVkQ%3D&from=3213915784&s=PackSourceEnum_FAVORITE&se=false&sc=cover&biz_tag=pcweb_cover&l=20231112115541ED6EA0090E18A1E0F94E', 'https://p3-pc-sign.douyinpic.com/obj/tos-cn-p-0015/o8iBjhftdKtlfAAGERVO9J4zghpADqAvR7SlIk?x-expires=2015118000&x-signature=E2RcOCB1gH8QV7FjK9axQo0wS%2BY%3D&from=3213915784&s=PackSourceEnum_FAVORITE&se=false&sc=cover&biz_tag=pcweb_cover&l=20231112115541ED6EA0090E18A1E0F94E'], 'dynamic_cover': ['https://p3-pc-sign.douyinpic.com/obj/tos-cn-p-0015/10cb9ff535eb4e47b9b8a32e8fdd2641_1699358058?x-expires=1700967600&x-signature=blZJo3yGrnkkNHSjnp6G5JnyEbs%3D&from=3213915784_large&s=PackSourceEnum_FAVORITE&se=false&sc=dynamic_cover&biz_tag=pcweb_cover&l=20231112115541ED6EA0090E18A1E0F94E', 'https://p9-pc-sign.douyinpic.com/obj/tos-cn-p-0015/10cb9ff535eb4e47b9b8a32e8fdd2641_1699358058?x-expires=1700967600&x-signature=gdE4msr2tr%2F%2FU0Cl7ADbme76EPg%3D&from=3213915784_large&s=PackSourceEnum_FAVORITE&se=false&sc=dynamic_cover&biz_tag=pcweb_cover&l=20231112115541ED6EA0090E18A1E0F94E', 'https://p6-pc-sign.douyinpic.com/obj/tos-cn-p-0015/10cb9ff535eb4e47b9b8a32e8fdd2641_1699358058?x-expires=1700967600&x-signature=UwL9TnVuJeTERuX0RrtpzEn%2FM6Q%3D&from=3213915784_large&s=PackSourceEnum_FAVORITE&se=false&sc=dynamic_cover&biz_tag=pcweb_cover&l=20231112115541ED6EA0090E18A1E0F94E'], 'max_cursor': 1698842075000, 'has_more': 1, 'aweme_type': 0, 'aweme_id': '7298687222948072738', 'desc': '终于轮到我拍这个演唱会转场了___昨晚在Coldplay东京演唱会现场的激动之心难以言喻_当那些中学时期在课间亦或是晚自习结束回家的路上_mp3里无数次循环播放的曲目突然真实的在耳__版本过低_升级后', 'create_time': '2023-11-07 19.54.11', 'uid': '13225181301', 'sec_uid': 'MS4wLjABAAAAB9ofw5UV7xeFB5DbDURGdUoTJsXchUzyv8ZOmnoM52U', 'nickname': '猪佬叁', 'aweme_count': None, 'music_title': '@猪佬叁创作的原声', 'music_play_url': {'uri': 'https://sf3-cdn-tos.douyinstatic.com/obj/ies-music/7298687280007465738.mp3', 'url_key': '7298687290073844530', 'url_list': ['https://sf3-cdn-tos.douyinstatic.com/obj/ies-music/7298687280007465738.mp3', 'https://sf6-cdn-tos.douyinstatic.com/obj/ies-music/7298687280007465738.mp3'], 'height': 720, 'width': 720}, 'path': 'D:\\Project\\Python\\YouTubeHelper\\Download\\like\\杀猪饲料', 'type': '娱乐', 'desc_path': 'D:\\Project\\Python\\YouTubeHelper\\Download\\like\\杀猪饲料\\2023-11-07 19.54.11_终于轮到我拍这个演唱会转场了___昨晚在Coldplay东京演唱会现场的激动之心难以言喻_当那些中学时期在课间亦或是晚自习结束回家的路上_mp3里无数次循环播放', 'video_name': '2023-11-07 19.54.11_终于轮到我拍这个演唱会转场了___昨晚在Coldplay东京演唱会现场的激动之心难以言喻_当那些中学时期在课间亦或是晚自习结束回家的路上_mp3里无数次循环播放_video', 'cover_name': '2023-11-07 19.54.11_终于轮到我拍这个演唱会转场了___昨晚在Coldplay东京演唱会现场的激动之心难以言喻_当那些中学时期在课间亦或是晚自习结束回家的路上_mp3里无数次循环播放_cover'} 异常：<class 'Exception'>
[2023-11-12 11:59:20,139] - Log.py] - INFO: [  提示  ]:抓获1698842075000页数据成功! 该页共20个作品。
[2023-11-12 11:59:20,158] - Log.py] - ERROR: [  提示  ]:异常，本地请求异常, 异常: Cannot connect to host www.douyin.com:443 ssl:default [getaddrinfo failed]，Traceback (most recent call last):
  File "C:\Users\28938\miniconda3\envs\youtube\lib\site-packages\aiohttp\connector.py", line 1155, in _create_direct_connection
    hosts = await asyncio.shield(host_resolved)
  File "C:\Users\28938\miniconda3\envs\youtube\lib\site-packages\aiohttp\connector.py", line 874, in _resolve_host
    addrs = await self._resolver.resolve(host, port, family=self._family)
  File "C:\Users\28938\miniconda3\envs\youtube\lib\site-packages\aiohttp\resolver.py", line 33, in resolve
    infos = await self._loop.getaddrinfo(
  File "C:\Users\28938\miniconda3\envs\youtube\lib\asyncio\base_events.py", line 863, in getaddrinfo
    return await self.run_in_executor(
  File "C:\Users\28938\miniconda3\envs\youtube\lib\concurrent\futures\thread.py", line 58, in run
    result = self.fn(*self.args, **self.kwargs)
  File "C:\Users\28938\miniconda3\envs\youtube\lib\socket.py", line 955, in getaddrinfo
    for res in _socket.getaddrinfo(host, port, family, type, proto, flags):
socket.gaierror: [Errno 11004] getaddrinfo failed

The above exception was the direct cause of the following exception:

Traceback (most recent call last):
  File "D:\Project\Python\YouTubeHelper\Util\Profile.py", line 328, in get_user_post_info
    aweme_list, max_cursor, has_more = await self.get_request_data('GET', url, headers)
  File "D:\Project\Python\YouTubeHelper\Util\Profile.py", line 102, in get_request_data
    async with session.request(method, url, headers=headers, data=data, timeout=10) as response:
  File "C:\Users\28938\miniconda3\envs\youtube\lib\site-packages\aiohttp\client.py", line 1141, in __aenter__
    self._resp = await self._coro
  File "C:\Users\28938\miniconda3\envs\youtube\lib\site-packages\aiohttp\client.py", line 536, in _request
    conn = await self._connector.connect(
  File "C:\Users\28938\miniconda3\envs\youtube\lib\site-packages\aiohttp\connector.py", line 540, in connect
    proto = await self._create_connection(req, traces, timeout)
  File "C:\Users\28938\miniconda3\envs\youtube\lib\site-packages\aiohttp\connector.py", line 901, in _create_connection
    _, proto = await self._create_direct_connection(req, traces, timeout)
  File "C:\Users\28938\miniconda3\envs\youtube\lib\site-packages\aiohttp\connector.py", line 1169, in _create_direct_connection
    raise ClientConnectorError(req.connection_key, exc) from exc
aiohttp.client_exceptions.ClientConnectorError: Cannot connect to host www.douyin.com:443 ssl:default [getaddrinfo failed]

The above exception was the direct cause of the following exception:

Traceback (most recent call last):
  File "D:\Project\Python\YouTubeHelper\Util\Profile.py", line 495, in get_Profile
    aweme_data = await self.get_user_post_info(self.headers, self.profile_URL)
  File "D:\Project\Python\YouTubeHelper\Util\Profile.py", line 333, in get_user_post_info
    raise RuntimeError(f"本地请求异常, 异常: {e}") from e
RuntimeError: 本地请求异常, 异常: Cannot connect to host www.douyin.com:443 ssl:default [getaddrinfo failed]

